import React from 'react';
import {shallow} from 'enzyme';
import FormSubmitMessage from '../../components/FormSubmitMessage';

describe('FormSubmitMessage', () => {
  it('Renders correctly', () => {
    const wrapper = shallow(<FormSubmitMessage />);

    expect(wrapper).toMatchSnapshot();
  });
});
